[d29u17ylf1ylz9.cloudfront.net/bege-v3.html]
[backblue.gif]
[fade.gif]
[index.html]
[d29u17ylf1ylz9.cloudfront.net/p2/img/favicon.ico]
[d29u17ylf1ylz9.cloudfront.net/p2/css/bootstrap.min.css]
[d29u17ylf1ylz9.cloudfront.net/p2/css/font-awesome.min.css]
[d29u17ylf1ylz9.cloudfront.net/p2/css/et-line.css]
[d29u17ylf1ylz9.cloudfront.net/p2/css/plugins.css]
[d29u17ylf1ylz9.cloudfront.net/p2/style.css]
[d29u17ylf1ylz9.cloudfront.net/p2/css/responsive.css]
[d29u17ylf1ylz9.cloudfront.net/p2/js/vendor/modernizr-2.8.3.min.js]
[d29u17ylf1ylz9.cloudfront.net/p2/img/bege-v2/logo-white.png]
[d29u17ylf1ylz9.cloudfront.net/bege-v3/index.html]
[d29u17ylf1ylz9.cloudfront.net/p2/img/bege-v2/logo.png]
[d29u17ylf1ylz9.cloudfront.net/p2/img/bege-v2/slider-landing.jpg]
[d29u17ylf1ylz9.cloudfront.net/bege-v2/index.html]
[d29u17ylf1ylz9.cloudfront.net/p2/img/bege-v2/home-1.jpg]
[d29u17ylf1ylz9.cloudfront.net/p2/img/bege-v2/home-2.jpg]
[d29u17ylf1ylz9.cloudfront.net/p2/img/bege-v2/home-3.jpg]
[d29u17ylf1ylz9.cloudfront.net/bege-v3/index-2.html]
[d29u17ylf1ylz9.cloudfront.net/bege-v3/index-3.html]
[d29u17ylf1ylz9.cloudfront.net/p2/img/bege-v2/home-4.jpg]
[d29u17ylf1ylz9.cloudfront.net/bege-v3/shop.html]
[d29u17ylf1ylz9.cloudfront.net/p2/img/bege-v2/shop-left.jpg]
[d29u17ylf1ylz9.cloudfront.net/bege-v3/index-4.html]
[d29u17ylf1ylz9.cloudfront.net/p2/img/bege-v2/shop-list.jpg]
[d29u17ylf1ylz9.cloudfront.net/bege-v3/shop-list.html]
[d29u17ylf1ylz9.cloudfront.net/p2/img/bege-v2/shop-right.jpg]
[d29u17ylf1ylz9.cloudfront.net/p2/img/bege-v2/single-product.jpg]
[d29u17ylf1ylz9.cloudfront.net/bege-v3/single-product.html]
[d29u17ylf1ylz9.cloudfront.net/bege-v3/shop-right.html]
[d29u17ylf1ylz9.cloudfront.net/p2/img/bege-v2/checkout.jpg]
[d29u17ylf1ylz9.cloudfront.net/bege-v3/checkout.html]
[d29u17ylf1ylz9.cloudfront.net/p2/img/bege-v2/cart.jpg]
[d29u17ylf1ylz9.cloudfront.net/bege-v3/cart.html]
[d29u17ylf1ylz9.cloudfront.net/p2/img/bege-v2/blog.jpg]
[d29u17ylf1ylz9.cloudfront.net/bege-v3/blog.html]
[d29u17ylf1ylz9.cloudfront.net/p2/img/bege-v2/blog-no-sidebar.jpg]
[d29u17ylf1ylz9.cloudfront.net/bege-v3/blog-no-sidebar.html]
[d29u17ylf1ylz9.cloudfront.net/p2/img/bege-v2/single-blog.jpg]
[d29u17ylf1ylz9.cloudfront.net/bege-v3/single-blog.html]
[d29u17ylf1ylz9.cloudfront.net/p2/img/bege-v2/faq.jpg]
[d29u17ylf1ylz9.cloudfront.net/p2/img/bege-v2/about.jpg]
[d29u17ylf1ylz9.cloudfront.net/bege-v3/about-us.html]
[d29u17ylf1ylz9.cloudfront.net/p2/img/bege-v2/login.jpg]
[d29u17ylf1ylz9.cloudfront.net/bege-v3/login.html]
[d29u17ylf1ylz9.cloudfront.net/p2/img/bege-v2/contact.jpg]
[d29u17ylf1ylz9.cloudfront.net/bege-v3/contact-us.html]
[d29u17ylf1ylz9.cloudfront.net/p2/img/bege-v2/404.jpg]
[d29u17ylf1ylz9.cloudfront.net/bege-v3/404.html]
[d29u17ylf1ylz9.cloudfront.net/p2/img/bege-v2/bootstrap.png]
[d29u17ylf1ylz9.cloudfront.net/p2/img/bege-v2/html5.png]
[d29u17ylf1ylz9.cloudfront.net/p2/img/bege-v2/css3.png]
[d29u17ylf1ylz9.cloudfront.net/p2/img/bege-v2/jquery.png]
[d29u17ylf1ylz9.cloudfront.net/p2/img/bege-v2/owl-logo.png]
[d29u17ylf1ylz9.cloudfront.net/p2/img/bege-v2/fontawesome.png]
[d29u17ylf1ylz9.cloudfront.net/p2/img/bege-v2/zmdi.png]
[d29u17ylf1ylz9.cloudfront.net/p2/img/bege-v2/google-font.png]
[d29u17ylf1ylz9.cloudfront.net/p2/img/bege-v2/magnific-popup.png]
[d29u17ylf1ylz9.cloudfront.net/p2/img/bege-v2/responsive.png]
[d29u17ylf1ylz9.cloudfront.net/p2/img/bege-v2/w3c-validation.png]
[d29u17ylf1ylz9.cloudfront.net/p2/img/bege-v2/mail.png]
[d29u17ylf1ylz9.cloudfront.net/p2/img/bege-v2/code.png]
[d29u17ylf1ylz9.cloudfront.net/p2/img/bege-v2/speed.png]
[d29u17ylf1ylz9.cloudfront.net/p2/img/bege-v2/document.png]
[s3.envato.com/files/220207510/preview.__large_preview.jpg]
[s3.envato.com/files/235906987/preview.__large_preview.jpg]
[s3.envato.com/files/243820809/01_preview_image_volga.__large_preview.png]
[s3.envato.com/files/239072490/preview.__large_preview.jpg]
[s3.envato.com/files/232748513/preview.__large_preview.png]
[s3.envato.com/files/239072226/preview.__large_preview.png]
[d29u17ylf1ylz9.cloudfront.net/p2/js/vendor/jquery-3.1.1.min.js]
[d29u17ylf1ylz9.cloudfront.net/p2/js/bootstrap.min.js]
[d29u17ylf1ylz9.cloudfront.net/p2/js/plugins.js]
[d29u17ylf1ylz9.cloudfront.net/p2/js/ajax-mail.js]
[d29u17ylf1ylz9.cloudfront.net/p2/js/main.js]
[d29u17ylf1ylz9.cloudfront.net/bege-v3.html]
[d29u17ylf1ylz9.cloudfront.net/p2/css/bootstrap.min.css]
[d29u17ylf1ylz9.cloudfront.net/p2/fonts/fontawesome-webfont3e6e.eot]
[d29u17ylf1ylz9.cloudfront.net/p2/fonts/fontawesome-webfontd41d.eot]
[d29u17ylf1ylz9.cloudfront.net/p2/fonts/fontawesome-webfont3e6e.woff2]
[d29u17ylf1ylz9.cloudfront.net/p2/fonts/fontawesome-webfont3e6e.woff]
[d29u17ylf1ylz9.cloudfront.net/p2/fonts/fontawesome-webfont3e6e.ttf]
[d29u17ylf1ylz9.cloudfront.net/p2/css/font-awesome.min.css]
[d29u17ylf1ylz9.cloudfront.net/p2/fonts/et-line.eot]
[d29u17ylf1ylz9.cloudfront.net/p2/fonts/fontawesome-webfont3e6e.svg]
[d29u17ylf1ylz9.cloudfront.net/p2/fonts/et-lined41d.eot]
[d29u17ylf1ylz9.cloudfront.net/p2/fonts/et-line.woff]
[d29u17ylf1ylz9.cloudfront.net/p2/fonts/et-line.ttf]
[d29u17ylf1ylz9.cloudfront.net/p2/css/et-line.css]
[d29u17ylf1ylz9.cloudfront.net/p2/css/plugins.css]
[d29u17ylf1ylz9.cloudfront.net/p2/style.css]
[d29u17ylf1ylz9.cloudfront.net/p2/css/responsive.css]
[d29u17ylf1ylz9.cloudfront.net/p2/fonts/et-line.svg]
[d29u17ylf1ylz9.cloudfront.net/bege-v2/images/icons/icon_logo.png]
[d29u17ylf1ylz9.cloudfront.net/bege-v2/css/font-awesome.min.css]
[d29u17ylf1ylz9.cloudfront.net/bege-v2/css/bootstrap.min.css]
[d29u17ylf1ylz9.cloudfront.net/bege-v2/css/ionicons.min.css]
[d29u17ylf1ylz9.cloudfront.net/bege-v2/css/bundle.css]
[d29u17ylf1ylz9.cloudfront.net/bege-v2/css/main.css]
[d29u17ylf1ylz9.cloudfront.net/bege-v2/css/responsive.css]
[d29u17ylf1ylz9.cloudfront.net/bege-v2/css/colors.css]
[d29u17ylf1ylz9.cloudfront.net/bege-v2/login.html]
[d29u17ylf1ylz9.cloudfront.net/bege-v2/contact-us.html]
[d29u17ylf1ylz9.cloudfront.net/bege-v2/cart.html]
[d29u17ylf1ylz9.cloudfront.net/bege-v2/checkout.html]
[d29u17ylf1ylz9.cloudfront.net/bege-v2/images/icons/en.png]
[d29u17ylf1ylz9.cloudfront.net/bege-v2/images/icons/fr.png]
[d29u17ylf1ylz9.cloudfront.net/bege-v2/images/logo/logo-white.png]
[d29u17ylf1ylz9.cloudfront.net/bege-v2/wishlist.html]
[d29u17ylf1ylz9.cloudfront.net/bege-v2/images/product/1.jpg]
[d29u17ylf1ylz9.cloudfront.net/bege-v2/images/product/2.jpg]
[d29u17ylf1ylz9.cloudfront.net/bege-v2/images/product/3.jpg]
[d29u17ylf1ylz9.cloudfront.net/bege-v2/shop.html]
[d29u17ylf1ylz9.cloudfront.net/bege-v2/images/icons/1.png]
[d29u17ylf1ylz9.cloudfront.net/bege-v2/images/icons/2.png]
[d29u17ylf1ylz9.cloudfront.net/bege-v2/images/icons/3.png]
[d29u17ylf1ylz9.cloudfront.net/bege-v2/images/icons/4.png]
[d29u17ylf1ylz9.cloudfront.net/bege-v2/images/icons/5.png]
[d29u17ylf1ylz9.cloudfront.net/bege-v2/images/icons/6.png]
[d29u17ylf1ylz9.cloudfront.net/bege-v2/images/icons/7.png]
[d29u17ylf1ylz9.cloudfront.net/bege-v2/images/icons/8.png]
[d29u17ylf1ylz9.cloudfront.net/bege-v2/images/icons/9.png]
[d29u17ylf1ylz9.cloudfront.net/bege-v2/images/icons/10.png]
[d29u17ylf1ylz9.cloudfront.net/bege-v2/images/icons/12.png]
[d29u17ylf1ylz9.cloudfront.net/bege-v2/images/icons/11.png]
[d29u17ylf1ylz9.cloudfront.net/bege-v2/index-3.html]
[d29u17ylf1ylz9.cloudfront.net/bege-v2/index-4.html]
[d29u17ylf1ylz9.cloudfront.net/bege-v2/blog.html]
[d29u17ylf1ylz9.cloudfront.net/bege-v2/index-2.html]
[d29u17ylf1ylz9.cloudfront.net/bege-v2/about-us.html]
[d29u17ylf1ylz9.cloudfront.net/bege-v2/service.html]
[d29u17ylf1ylz9.cloudfront.net/bege-v2/portfolio.html]
[d29u17ylf1ylz9.cloudfront.net/bege-v2/faq.html]
[d29u17ylf1ylz9.cloudfront.net/bege-v2/404.html]
[d29u17ylf1ylz9.cloudfront.net/bege-v2/blog-no-sidebar.html]
[d29u17ylf1ylz9.cloudfront.net/bege-v2/single-blog.html]
[d29u17ylf1ylz9.cloudfront.net/bege-v2/single-blog-gallery.html]
[d29u17ylf1ylz9.cloudfront.net/bege-v2/single-blog-audio.html]
[d29u17ylf1ylz9.cloudfront.net/bege-v2/single-blog-video.html]
[d29u17ylf1ylz9.cloudfront.net/bege-v2/shop-list.html]
[d29u17ylf1ylz9.cloudfront.net/bege-v2/single-product.html]
[d29u17ylf1ylz9.cloudfront.net/bege-v2/shop-right.html]
[d29u17ylf1ylz9.cloudfront.net/bege-v2/images/slider/1.jpg]
[d29u17ylf1ylz9.cloudfront.net/bege-v2/images/slider/2.jpg]
[d29u17ylf1ylz9.cloudfront.net/bege-v2/images/banner/banner1.jpg]
[d29u17ylf1ylz9.cloudfront.net/bege-v2/images/banner/banner2.jpg]
[d29u17ylf1ylz9.cloudfront.net/bege-v2/images/product/big/product4.jpg]
[d29u17ylf1ylz9.cloudfront.net/bege-v2/images/product/big/product5.jpg]
[d29u17ylf1ylz9.cloudfront.net/bege-v2/images/product/big/product6.jpg]
[d29u17ylf1ylz9.cloudfront.net/bege-v2/images/banner/home1-banner2.jpg]
[d29u17ylf1ylz9.cloudfront.net/bege-v2/images/product/9.jpg]
[d29u17ylf1ylz9.cloudfront.net/bege-v2/images/product/5.jpg]
[d29u17ylf1ylz9.cloudfront.net/bege-v2/images/product/6.jpg]
[d29u17ylf1ylz9.cloudfront.net/bege-v2/images/product/7.jpg]
[d29u17ylf1ylz9.cloudfront.net/bege-v2/images/product/8.jpg]
[d29u17ylf1ylz9.cloudfront.net/bege-v2/images/banner/home1-banner3.jpg]
[d29u17ylf1ylz9.cloudfront.net/bege-v2/images/product/4.jpg]
[d29u17ylf1ylz9.cloudfront.net/bege-v2/images/product/10.jpg]
[d29u17ylf1ylz9.cloudfront.net/bege-v2/images/product/11.jpg]
[d29u17ylf1ylz9.cloudfront.net/bege-v2/images/product/12.jpg]
[d29u17ylf1ylz9.cloudfront.net/bege-v2/images/product/13.jpg]
[d29u17ylf1ylz9.cloudfront.net/bege-v2/images/banner/ehome1-banner4-1.jpg]
[d29u17ylf1ylz9.cloudfront.net/bege-v2/images/banner/home1-banner4-2.jpg]
[d29u17ylf1ylz9.cloudfront.net/bege-v2/images/banner/home1-banner4-3.jpg]
[d29u17ylf1ylz9.cloudfront.net/bege-v2/images/banner/home1-banner4-4.jpg]
[d29u17ylf1ylz9.cloudfront.net/bege-v2/images/product/mini/18.jpg]
[d29u17ylf1ylz9.cloudfront.net/bege-v2/images/product/mini/19.jpg]
[d29u17ylf1ylz9.cloudfront.net/bege-v2/images/product/mini/20.jpg]
[d29u17ylf1ylz9.cloudfront.net/bege-v2/images/product/mini/21.jpg]
[d29u17ylf1ylz9.cloudfront.net/bege-v2/images/product/mini/22.jpg]
[d29u17ylf1ylz9.cloudfront.net/bege-v2/images/product/mini/1.jpg]
[d29u17ylf1ylz9.cloudfront.net/bege-v2/images/product/mini/2.jpg]
[d29u17ylf1ylz9.cloudfront.net/bege-v2/images/product/mini/3.jpg]
[d29u17ylf1ylz9.cloudfront.net/bege-v2/images/product/mini/4.jpg]
[d29u17ylf1ylz9.cloudfront.net/bege-v2/images/product/mini/5.jpg]
[d29u17ylf1ylz9.cloudfront.net/bege-v2/images/product/mini/6.jpg]
[d29u17ylf1ylz9.cloudfront.net/bege-v2/images/product/mini/7.jpg]
[d29u17ylf1ylz9.cloudfront.net/bege-v2/images/product/mini/8.jpg]
[d29u17ylf1ylz9.cloudfront.net/bege-v2/images/product/mini/9.jpg]
[d29u17ylf1ylz9.cloudfront.net/bege-v2/images/product/mini/10.jpg]
[d29u17ylf1ylz9.cloudfront.net/bege-v2/images/product/mini/11.jpg]
[d29u17ylf1ylz9.cloudfront.net/bege-v2/images/product/mini/12.jpg]
[d29u17ylf1ylz9.cloudfront.net/bege-v2/images/product/mini/13.jpg]
[d29u17ylf1ylz9.cloudfront.net/bege-v2/images/product/mini/14.jpg]
[d29u17ylf1ylz9.cloudfront.net/bege-v2/images/product/mini/15.jpg]
[d29u17ylf1ylz9.cloudfront.net/bege-v2/images/product/mini/16.jpg]
[d29u17ylf1ylz9.cloudfront.net/bege-v2/images/product/mini/17.jpg]
[d29u17ylf1ylz9.cloudfront.net/bege-v2/images/banner/home1-tab-img.jpg]
[d29u17ylf1ylz9.cloudfront.net/bege-v2/images/testimonials/testimonial3-120x120.jpg]
[d29u17ylf1ylz9.cloudfront.net/bege-v2/images/testimonials/testimonial5-120x120.jpg]
[d29u17ylf1ylz9.cloudfront.net/bege-v2/images/testimonials/testimonial6-120x120.jpg]
[d29u17ylf1ylz9.cloudfront.net/bege-v2/images/brand/brand1.jpg]
[d29u17ylf1ylz9.cloudfront.net/bege-v2/images/brand/brand2.jpg]
[d29u17ylf1ylz9.cloudfront.net/bege-v2/images/brand/brand3.jpg]
[d29u17ylf1ylz9.cloudfront.net/bege-v2/images/brand/brand4.jpg]
[d29u17ylf1ylz9.cloudfront.net/bege-v2/images/brand/brand5.jpg]
[d29u17ylf1ylz9.cloudfront.net/bege-v2/images/brand/brand6.jpg]
[d29u17ylf1ylz9.cloudfront.net/bege-v2/images/brand/brand7.jpg]
[d29u17ylf1ylz9.cloudfront.net/bege-v2/images/brand/brand8.jpg]
[d29u17ylf1ylz9.cloudfront.net/bege-v2/images/brand/brand9.jpg]
[d29u17ylf1ylz9.cloudfront.net/bege-v2/images/logo/logo-black.png]
[d29u17ylf1ylz9.cloudfront.net/bege-v2/images/icons/payment-icon.png]
[d29u17ylf1ylz9.cloudfront.net/bege-v2/images/product/single/product4.jpg]
[d29u17ylf1ylz9.cloudfront.net/bege-v2/images/product/single/product5.jpg]
[d29u17ylf1ylz9.cloudfront.net/bege-v2/images/product/single/product6.jpg]
[d29u17ylf1ylz9.cloudfront.net/bege-v2/images/product/single/product7.jpg]
[d29u17ylf1ylz9.cloudfront.net/bege-v2/images/product/single/product8.jpg]
[d29u17ylf1ylz9.cloudfront.net/bege-v2/images/product/thumbnails/product4.jpg]
[d29u17ylf1ylz9.cloudfront.net/bege-v2/images/product/thumbnails/product5.jpg]
[d29u17ylf1ylz9.cloudfront.net/bege-v2/images/product/thumbnails/product6.jpg]
[d29u17ylf1ylz9.cloudfront.net/bege-v2/images/product/thumbnails/product7.jpg]
[d29u17ylf1ylz9.cloudfront.net/bege-v2/images/product/thumbnails/product8.jpg]
[code.jquery.com/jquery-3.2.1.min.js]
[d29u17ylf1ylz9.cloudfront.net/bege-v2/js/jquery-3.2.1.min.js]
[d29u17ylf1ylz9.cloudfront.net/bege-v2/js/popper.min.js]
[d29u17ylf1ylz9.cloudfront.net/bege-v2/js/bootstrap.min.js]
[d29u17ylf1ylz9.cloudfront.net/bege-v2/js/jquery.nivo.slider.pack.js]
[www.google-analytics.com/analytics.js]
[d29u17ylf1ylz9.cloudfront.net/bege-v2/index.html]
[d29u17ylf1ylz9.cloudfront.net/bege-v2/js/plugins.js]
[d29u17ylf1ylz9.cloudfront.net/bege-v2/js/main.js]
[d29u17ylf1ylz9.cloudfront.net/bege-v3/images/icons/icon_logo.png]
[d29u17ylf1ylz9.cloudfront.net/bege-v3/css/bootstrap.min.css]
[d29u17ylf1ylz9.cloudfront.net/bege-v3/css/font-awesome.min.css]
[d29u17ylf1ylz9.cloudfront.net/bege-v3/css/ionicons.min.css]
[d29u17ylf1ylz9.cloudfront.net/bege-v3/css/bundle.css]
[d29u17ylf1ylz9.cloudfront.net/bege-v3/css/main.css]
[d29u17ylf1ylz9.cloudfront.net/bege-v3/css/responsive.css]
[d29u17ylf1ylz9.cloudfront.net/bege-v3/css/colors.css]
[d29u17ylf1ylz9.cloudfront.net/bege-v3/images/icons/en.png]
[d29u17ylf1ylz9.cloudfront.net/bege-v3/images/icons/fr.png]
[d29u17ylf1ylz9.cloudfront.net/bege-v3/images/logo/logo-white.png]
[d29u17ylf1ylz9.cloudfront.net/bege-v3/images/product/1.jpg]
[d29u17ylf1ylz9.cloudfront.net/bege-v3/images/product/2.jpg]
[d29u17ylf1ylz9.cloudfront.net/bege-v3/wishlist.html]
[d29u17ylf1ylz9.cloudfront.net/bege-v3/images/product/3.jpg]
[d29u17ylf1ylz9.cloudfront.net/bege-v3/images/icons/1.png]
[d29u17ylf1ylz9.cloudfront.net/bege-v3/images/icons/2.png]
[d29u17ylf1ylz9.cloudfront.net/bege-v3/images/icons/3.png]
[d29u17ylf1ylz9.cloudfront.net/bege-v3/images/icons/4.png]
[d29u17ylf1ylz9.cloudfront.net/bege-v3/images/icons/5.png]
[d29u17ylf1ylz9.cloudfront.net/bege-v3/images/icons/6.png]
[d29u17ylf1ylz9.cloudfront.net/bege-v3/images/icons/7.png]
[d29u17ylf1ylz9.cloudfront.net/bege-v3/images/icons/8.png]
[d29u17ylf1ylz9.cloudfront.net/bege-v3/images/icons/9.png]
[d29u17ylf1ylz9.cloudfront.net/bege-v3/images/icons/10.png]
[d29u17ylf1ylz9.cloudfront.net/bege-v3/images/icons/12.png]
[d29u17ylf1ylz9.cloudfront.net/bege-v3/images/icons/11.png]
[d29u17ylf1ylz9.cloudfront.net/bege-v3/service.html]
[d29u17ylf1ylz9.cloudfront.net/bege-v3/portfolio.html]
[d29u17ylf1ylz9.cloudfront.net/bege-v3/faq.html]
[d29u17ylf1ylz9.cloudfront.net/bege-v3/single-blog-gallery.html]
[d29u17ylf1ylz9.cloudfront.net/bege-v3/single-blog-audio.html]
[d29u17ylf1ylz9.cloudfront.net/bege-v3/single-blog-video.html]
[d29u17ylf1ylz9.cloudfront.net/bege-v3/images/slider/1.jpg]
[d29u17ylf1ylz9.cloudfront.net/bege-v3/images/slider/2.jpg]
[d29u17ylf1ylz9.cloudfront.net/bege-v3/images/banner/banner1.jpg]
[d29u17ylf1ylz9.cloudfront.net/bege-v3/images/banner/banner2.jpg]
[d29u17ylf1ylz9.cloudfront.net/bege-v3/images/product/big/product4.jpg]
[d29u17ylf1ylz9.cloudfront.net/bege-v3/images/product/big/product5.jpg]
[d29u17ylf1ylz9.cloudfront.net/bege-v3/images/product/big/product6.jpg]
[d29u17ylf1ylz9.cloudfront.net/bege-v3/images/banner/home1-banner2.jpg]
[d29u17ylf1ylz9.cloudfront.net/bege-v3/images/product/9.jpg]
[d29u17ylf1ylz9.cloudfront.net/bege-v3/images/product/5.jpg]
[d29u17ylf1ylz9.cloudfront.net/bege-v3/images/product/6.jpg]
[d29u17ylf1ylz9.cloudfront.net/bege-v3/images/product/7.jpg]
[d29u17ylf1ylz9.cloudfront.net/bege-v3/images/product/8.jpg]
[d29u17ylf1ylz9.cloudfront.net/bege-v3/images/banner/home1-banner3.jpg]
[d29u17ylf1ylz9.cloudfront.net/bege-v3/images/product/4.jpg]
[d29u17ylf1ylz9.cloudfront.net/bege-v3/images/product/10.jpg]
[d29u17ylf1ylz9.cloudfront.net/bege-v3/images/product/11.jpg]
[d29u17ylf1ylz9.cloudfront.net/bege-v3/images/product/12.jpg]
[d29u17ylf1ylz9.cloudfront.net/bege-v3/images/product/13.jpg]
[d29u17ylf1ylz9.cloudfront.net/bege-v3/images/banner/ehome1-banner4-1.jpg]
[d29u17ylf1ylz9.cloudfront.net/bege-v3/images/banner/home1-banner4-2.jpg]
[d29u17ylf1ylz9.cloudfront.net/bege-v3/images/banner/home1-banner4-3.jpg]
[d29u17ylf1ylz9.cloudfront.net/bege-v3/images/banner/home1-banner4-4.jpg]
[d29u17ylf1ylz9.cloudfront.net/bege-v3/images/product/mini/18.jpg]
[d29u17ylf1ylz9.cloudfront.net/bege-v3/images/product/mini/19.jpg]
[d29u17ylf1ylz9.cloudfront.net/bege-v3/images/product/mini/20.jpg]
[d29u17ylf1ylz9.cloudfront.net/bege-v3/images/product/mini/21.jpg]
[d29u17ylf1ylz9.cloudfront.net/bege-v3/images/product/mini/22.jpg]
[d29u17ylf1ylz9.cloudfront.net/bege-v3/images/product/mini/1.jpg]
[d29u17ylf1ylz9.cloudfront.net/bege-v3/images/product/mini/2.jpg]
[d29u17ylf1ylz9.cloudfront.net/bege-v3/images/product/mini/3.jpg]
[d29u17ylf1ylz9.cloudfront.net/bege-v3/images/product/mini/4.jpg]
[d29u17ylf1ylz9.cloudfront.net/bege-v3/images/product/mini/5.jpg]
[d29u17ylf1ylz9.cloudfront.net/bege-v3/images/product/mini/6.jpg]
[d29u17ylf1ylz9.cloudfront.net/bege-v3/images/product/mini/7.jpg]
[d29u17ylf1ylz9.cloudfront.net/bege-v3/images/product/mini/8.jpg]
[d29u17ylf1ylz9.cloudfront.net/bege-v3/images/product/mini/9.jpg]
[d29u17ylf1ylz9.cloudfront.net/bege-v3/images/product/mini/10.jpg]
[d29u17ylf1ylz9.cloudfront.net/bege-v3/images/product/mini/11.jpg]
[d29u17ylf1ylz9.cloudfront.net/bege-v3/images/product/mini/12.jpg]
[d29u17ylf1ylz9.cloudfront.net/bege-v3/images/product/mini/13.jpg]
[d29u17ylf1ylz9.cloudfront.net/bege-v3/images/product/mini/14.jpg]
[d29u17ylf1ylz9.cloudfront.net/bege-v3/images/product/mini/15.jpg]
[d29u17ylf1ylz9.cloudfront.net/bege-v3/images/product/mini/16.jpg]
[d29u17ylf1ylz9.cloudfront.net/bege-v3/images/product/mini/17.jpg]
[d29u17ylf1ylz9.cloudfront.net/bege-v3/images/banner/home1-tab-img.jpg]
[d29u17ylf1ylz9.cloudfront.net/bege-v3/images/testimonials/testimonial3-120x120.jpg]
[d29u17ylf1ylz9.cloudfront.net/bege-v3/images/testimonials/testimonial5-120x120.jpg]
[d29u17ylf1ylz9.cloudfront.net/bege-v3/images/testimonials/testimonial6-120x120.jpg]
[d29u17ylf1ylz9.cloudfront.net/bege-v3/images/brand/brand1.jpg]
[d29u17ylf1ylz9.cloudfront.net/bege-v3/images/brand/brand2.jpg]
[d29u17ylf1ylz9.cloudfront.net/bege-v3/images/brand/brand3.jpg]
[d29u17ylf1ylz9.cloudfront.net/bege-v3/images/brand/brand4.jpg]
[d29u17ylf1ylz9.cloudfront.net/bege-v3/images/brand/brand5.jpg]
[d29u17ylf1ylz9.cloudfront.net/bege-v3/images/brand/brand6.jpg]
[d29u17ylf1ylz9.cloudfront.net/bege-v3/images/brand/brand7.jpg]
[d29u17ylf1ylz9.cloudfront.net/bege-v3/images/brand/brand8.jpg]
[d29u17ylf1ylz9.cloudfront.net/bege-v3/images/brand/brand9.jpg]
[d29u17ylf1ylz9.cloudfront.net/bege-v3/images/logo/logo-black.png]
[d29u17ylf1ylz9.cloudfront.net/bege-v3/images/icons/payment-icon.png]
[d29u17ylf1ylz9.cloudfront.net/bege-v3/images/product/single/product4.jpg]
[d29u17ylf1ylz9.cloudfront.net/bege-v3/images/product/single/product5.jpg]
[d29u17ylf1ylz9.cloudfront.net/bege-v3/images/product/single/product6.jpg]
[d29u17ylf1ylz9.cloudfront.net/bege-v3/images/product/single/product7.jpg]
[d29u17ylf1ylz9.cloudfront.net/bege-v3/images/product/single/product8.jpg]
[d29u17ylf1ylz9.cloudfront.net/bege-v3/images/product/thumbnails/product4.jpg]
[d29u17ylf1ylz9.cloudfront.net/bege-v3/images/product/thumbnails/product5.jpg]
[d29u17ylf1ylz9.cloudfront.net/bege-v3/images/product/thumbnails/product6.jpg]
[d29u17ylf1ylz9.cloudfront.net/bege-v3/images/product/thumbnails/product7.jpg]
[d29u17ylf1ylz9.cloudfront.net/bege-v3/images/product/thumbnails/product8.jpg]
[d29u17ylf1ylz9.cloudfront.net/bege-v3/js/popper.min.js]
[d29u17ylf1ylz9.cloudfront.net/bege-v3/js/bootstrap.min.js]
[d29u17ylf1ylz9.cloudfront.net/bege-v3/js/jquery-3.2.1.min.js]
[d29u17ylf1ylz9.cloudfront.net/bege-v3/js/jquery.nivo.slider.pack.js]
[d29u17ylf1ylz9.cloudfront.net/bege-v3/js/plugins.js]
[d29u17ylf1ylz9.cloudfront.net/bege-v3/index.html]
[d29u17ylf1ylz9.cloudfront.net/bege-v3/js/main.js]
[d29u17ylf1ylz9.cloudfront.net/bege-v3/images/slider/3.jpg]
[d29u17ylf1ylz9.cloudfront.net/bege-v3/images/slider/4.jpg]
[d29u17ylf1ylz9.cloudfront.net/bege-v3/images/banner/home2-slider-banner-1.jpg]
[d29u17ylf1ylz9.cloudfront.net/bege-v3/images/banner/home2-slider-banner-2.jpg]
[d29u17ylf1ylz9.cloudfront.net/bege-v3/images/banner/home2-slider-banner-3.jpg]
[d29u17ylf1ylz9.cloudfront.net/bege-v3/images/product/cat/home2-category-1.jpg]
[d29u17ylf1ylz9.cloudfront.net/bege-v3/images/product/cat/home2-category-2.jpg]
[d29u17ylf1ylz9.cloudfront.net/bege-v3/images/product/cat/home2-category-3.jpg]
[d29u17ylf1ylz9.cloudfront.net/bege-v3/images/product/cat/home2-category-4.jpg]
[d29u17ylf1ylz9.cloudfront.net/bege-v3/images/product/cat/home2-category-5.jpg]
[d29u17ylf1ylz9.cloudfront.net/bege-v3/images/product/cat/home2-category-6.jpg]
[d29u17ylf1ylz9.cloudfront.net/bege-v3/images/icons/16.png]
[d29u17ylf1ylz9.cloudfront.net/bege-v3/images/icons/17.png]
[d29u17ylf1ylz9.cloudfront.net/bege-v3/images/icons/18.png]
[d29u17ylf1ylz9.cloudfront.net/bege-v3/images/icons/19.png]
[d29u17ylf1ylz9.cloudfront.net/bege-v3/images/icons/20.png]
[d29u17ylf1ylz9.cloudfront.net/bege-v3/images/icons/21.png]
[d29u17ylf1ylz9.cloudfront.net/bege-v3/images/icons/22.png]
[d29u17ylf1ylz9.cloudfront.net/bege-v3/images/icons/23.png]
[d29u17ylf1ylz9.cloudfront.net/bege-v3/images/icons/24.png]
[d29u17ylf1ylz9.cloudfront.net/bege-v3/images/icons/25.png]
[d29u17ylf1ylz9.cloudfront.net/bege-v3/images/icons/26.png]
[d29u17ylf1ylz9.cloudfront.net/bege-v3/images/icons/27.png]
[d29u17ylf1ylz9.cloudfront.net/bege-v3/images/banner/home2-sidebar.jpg]
[d29u17ylf1ylz9.cloudfront.net/bege-v3/images/banner/home2-banner1.jpg]
[d29u17ylf1ylz9.cloudfront.net/bege-v3/images/banner/home2-banner2-1.jpg]
[d29u17ylf1ylz9.cloudfront.net/bege-v3/images/banner/home2-banner2-2.jpg]
[d29u17ylf1ylz9.cloudfront.net/bege-v3/images/banner/home2-banner2-3.jpg]
[d29u17ylf1ylz9.cloudfront.net/bege-v3/index-2.html]
[d29u17ylf1ylz9.cloudfront.net/bege-v3/images/slider/home3-slider1.jpg]
[d29u17ylf1ylz9.cloudfront.net/bege-v3/images/slider/home3-slider2.jpg]
[d29u17ylf1ylz9.cloudfront.net/bege-v3/images/banner/home3-banner1-1.jpg]
[d29u17ylf1ylz9.cloudfront.net/bege-v3/index-3.html]
[d29u17ylf1ylz9.cloudfront.net/bege-v3/images/slider/home4-slider1.jpg]
[d29u17ylf1ylz9.cloudfront.net/bege-v3/images/slider/home4-slider2.jpg]
[d29u17ylf1ylz9.cloudfront.net/bege-v3/images/banner/home4-banner1-1.jpg]
[d29u17ylf1ylz9.cloudfront.net/bege-v3/images/banner/home4-banner1-2.jpg]
[d29u17ylf1ylz9.cloudfront.net/bege-v3/images/banner/home4-banner1-3.jpg]
[d29u17ylf1ylz9.cloudfront.net/bege-v3/images/banner/home4-banner1-4.jpg]
[d29u17ylf1ylz9.cloudfront.net/bege-v3/images/banner/home4-banner2.jpg]
[d29u17ylf1ylz9.cloudfront.net/bege-v3/index-4.html]
[d29u17ylf1ylz9.cloudfront.net/bege-v3/images/banner/shop-sidebar.jpg]
[d29u17ylf1ylz9.cloudfront.net/bege-v3/images/banner/shop-category.jpg]
[d29u17ylf1ylz9.cloudfront.net/bege-v3/shop.html]
[d29u17ylf1ylz9.cloudfront.net/bege-v3/shop-list.html]
[d29u17ylf1ylz9.cloudfront.net/bege-v3/shop-right.html]
[d29u17ylf1ylz9.cloudfront.net/bege-v3/images/blog/road-avatar.jpg]
[d29u17ylf1ylz9.cloudfront.net/bege-v3/single-product.html]
[d29u17ylf1ylz9.cloudfront.net/bege-v3/checkout.html]
[d29u17ylf1ylz9.cloudfront.net/bege-v3/cart.html]
[d29u17ylf1ylz9.cloudfront.net/bege-v3/images/blog/blog1.jpg]
[d29u17ylf1ylz9.cloudfront.net/bege-v3/images/blog/blog2.jpg]
[d29u17ylf1ylz9.cloudfront.net/bege-v3/images/blog/blog3.jpg]
[d29u17ylf1ylz9.cloudfront.net/bege-v3/images/blog/blog4.jpg]
[d29u17ylf1ylz9.cloudfront.net/bege-v3/images/blog/blog5.jpg]
[d29u17ylf1ylz9.cloudfront.net/bege-v3/blog.html]
[d29u17ylf1ylz9.cloudfront.net/bege-v3/blog-no-sidebar.html]
[d29u17ylf1ylz9.cloudfront.net/bege-v3/images/blog/related1.jpg]
[d29u17ylf1ylz9.cloudfront.net/bege-v3/images/blog/related2.jpg]
[d29u17ylf1ylz9.cloudfront.net/bege-v3/images/blog/related3.jpg]
[d29u17ylf1ylz9.cloudfront.net/bege-v3/images/blog/avatar.jpg]
[d29u17ylf1ylz9.cloudfront.net/bege-v3/single-blog.html]
[d29u17ylf1ylz9.cloudfront.net/bege-v3/frequently-question.html]
[d29u17ylf1ylz9.cloudfront.net/bege-v3/images/banner/about-us-img1.jpg]
[d29u17ylf1ylz9.cloudfront.net/bege-v3/images/icon-img/about-us-icon1.png]
[d29u17ylf1ylz9.cloudfront.net/bege-v3/images/icon-img/about-us-icon2.png]
[d29u17ylf1ylz9.cloudfront.net/bege-v3/images/icon-img/about-us-icon3.png]
[d29u17ylf1ylz9.cloudfront.net/bege-v3/images/icon-img/about-us-icon4.png]
[d29u17ylf1ylz9.cloudfront.net/bege-v3/images/banner/about-us-img2.jpg]
[d29u17ylf1ylz9.cloudfront.net/bege-v3/about-us.html]
[d29u17ylf1ylz9.cloudfront.net/bege-v3/login.html]
[d29u17ylf1ylz9.cloudfront.net/bege-v3/contact-us.html]
[d29u17ylf1ylz9.cloudfront.net/bege-v3/404.html]
[d29u17ylf1ylz9.cloudfront.net/p2/fonts/glyphicons-halflings-regular.eot]
[d29u17ylf1ylz9.cloudfront.net/p2/fonts/glyphicons-halflings-regulard41d.eot]
[d29u17ylf1ylz9.cloudfront.net/p2/fonts/glyphicons-halflings-regular.woff2]
[d29u17ylf1ylz9.cloudfront.net/p2/fonts/glyphicons-halflings-regular.woff]
[d29u17ylf1ylz9.cloudfront.net/p2/fonts/glyphicons-halflings-regular.ttf]
[d29u17ylf1ylz9.cloudfront.net/p2/fonts/glyphicons-halflings-regular.svg]
[d29u17ylf1ylz9.cloudfront.net/p2/fonts/fontawesome-webfont3e6e.svg]
[d29u17ylf1ylz9.cloudfront.net/p2/fonts/et-line.svg]
[d29u17ylf1ylz9.cloudfront.net/bege-v2/css/bootstrap.min.css]
[d29u17ylf1ylz9.cloudfront.net/bege-v3/register.html]
[d29u17ylf1ylz9.cloudfront.net/bege-v3/forgot-password.html]
[d29u17ylf1ylz9.cloudfront.net/bege-v2/fonts/fontawesome-webfont3e6e.eot]
[d29u17ylf1ylz9.cloudfront.net/bege-v2/fonts/fontawesome-webfontd41d.eot]
[d29u17ylf1ylz9.cloudfront.net/bege-v2/fonts/fontawesome-webfont3e6e.woff2]
[d29u17ylf1ylz9.cloudfront.net/bege-v2/fonts/fontawesome-webfont3e6e.woff]
[d29u17ylf1ylz9.cloudfront.net/bege-v2/fonts/fontawesome-webfont3e6e.ttf]
[d29u17ylf1ylz9.cloudfront.net/bege-v2/fonts/fontawesome-webfont3e6e.svg]
[d29u17ylf1ylz9.cloudfront.net/bege-v2/css/font-awesome.min.css]
[d29u17ylf1ylz9.cloudfront.net/bege-v2/fonts/ionicons28b5.eot]
[d29u17ylf1ylz9.cloudfront.net/bege-v2/fonts/ionicons28b5.woff]
[d29u17ylf1ylz9.cloudfront.net/bege-v2/fonts/ionicons28b5.ttf]
[d29u17ylf1ylz9.cloudfront.net/bege-v2/fonts/ionicons28b5.svg]
[d29u17ylf1ylz9.cloudfront.net/bege-v2/css/ionicons.min.css]
[d29u17ylf1ylz9.cloudfront.net/bege-v2/css/css-plugins/nice-select.css]
[d29u17ylf1ylz9.cloudfront.net/bege-v2/css/css-plugins/owl.carousel.min.css]
[d29u17ylf1ylz9.cloudfront.net/bege-v2/css/css-plugins/animate.min.css]
[d29u17ylf1ylz9.cloudfront.net/bege-v2/css/css-plugins/meanmenu.min.css]
[d29u17ylf1ylz9.cloudfront.net/bege-v2/css/css-plugins/jquery-ui.css]
[d29u17ylf1ylz9.cloudfront.net/bege-v2/css/css-plugins/slick.css]
[d29u17ylf1ylz9.cloudfront.net/bege-v2/css/css-plugins/slick-theme.css]
[d29u17ylf1ylz9.cloudfront.net/bege-v2/css/css-plugins/magnific-popup.css]
[d29u17ylf1ylz9.cloudfront.net/bege-v2/css/css-plugins-call.css]
[d29u17ylf1ylz9.cloudfront.net/bege-v2/css/css-plugins/nivo-slider.css]
[d29u17ylf1ylz9.cloudfront.net/bege-v2/css/bundle.css]
[d29u17ylf1ylz9.cloudfront.net/bege-v2/images/bg/service-bg4.jpg]
[d29u17ylf1ylz9.cloudfront.net/bege-v2/images/bg/service-bg3.jpg]
[d29u17ylf1ylz9.cloudfront.net/bege-v2/images/bg/bg-1.jpg]
[d29u17ylf1ylz9.cloudfront.net/bege-v2/images/bg/bg-2.jpg]
[d29u17ylf1ylz9.cloudfront.net/bege-v2/css/main.css]
[d29u17ylf1ylz9.cloudfront.net/bege-v2/css/responsive.css]
[d29u17ylf1ylz9.cloudfront.net/bege-v2/css/colors.css]
[d29u17ylf1ylz9.cloudfront.net/bege-v2/register.html]
[d29u17ylf1ylz9.cloudfront.net/bege-v2/login.html]
[d29u17ylf1ylz9.cloudfront.net/bege-v2/contact-us.html]
[d29u17ylf1ylz9.cloudfront.net/bege-v2/cart.html]
[d29u17ylf1ylz9.cloudfront.net/bege-v2/checkout.html]
[d29u17ylf1ylz9.cloudfront.net/bege-v2/wishlist.html]
[d29u17ylf1ylz9.cloudfront.net/bege-v2/forgot-password.html]
[d29u17ylf1ylz9.cloudfront.net/bege-v2/images/banner/shop-sidebar.jpg]
[d29u17ylf1ylz9.cloudfront.net/bege-v2/images/banner/shop-category.jpg]
[d29u17ylf1ylz9.cloudfront.net/bege-v2/shop.html]
[d29u17ylf1ylz9.cloudfront.net/bege-v2/images/slider/3.jpg]
[d29u17ylf1ylz9.cloudfront.net/bege-v2/images/slider/4.jpg]
[d29u17ylf1ylz9.cloudfront.net/bege-v2/images/banner/home2-slider-banner-1.jpg]
[d29u17ylf1ylz9.cloudfront.net/bege-v2/images/banner/home2-slider-banner-2.jpg]
[d29u17ylf1ylz9.cloudfront.net/bege-v2/images/banner/home2-slider-banner-3.jpg]
[d29u17ylf1ylz9.cloudfront.net/bege-v2/images/product/cat/home2-category-1.jpg]
[d29u17ylf1ylz9.cloudfront.net/bege-v2/images/product/cat/home2-category-2.jpg]
[d29u17ylf1ylz9.cloudfront.net/bege-v2/images/product/cat/home2-category-3.jpg]
[d29u17ylf1ylz9.cloudfront.net/bege-v2/images/product/cat/home2-category-4.jpg]
[d29u17ylf1ylz9.cloudfront.net/bege-v2/images/product/cat/home2-category-5.jpg]
[d29u17ylf1ylz9.cloudfront.net/bege-v2/images/product/cat/home2-category-6.jpg]
[d29u17ylf1ylz9.cloudfront.net/bege-v2/images/icons/16.png]
[d29u17ylf1ylz9.cloudfront.net/bege-v2/images/icons/17.png]
[d29u17ylf1ylz9.cloudfront.net/bege-v2/images/icons/18.png]
[d29u17ylf1ylz9.cloudfront.net/bege-v2/images/icons/19.png]
[d29u17ylf1ylz9.cloudfront.net/bege-v2/images/icons/20.png]
[d29u17ylf1ylz9.cloudfront.net/bege-v2/images/icons/21.png]
[d29u17ylf1ylz9.cloudfront.net/bege-v2/images/icons/22.png]
[d29u17ylf1ylz9.cloudfront.net/bege-v2/images/icons/23.png]
[d29u17ylf1ylz9.cloudfront.net/bege-v2/images/icons/24.png]
[d29u17ylf1ylz9.cloudfront.net/bege-v2/images/icons/25.png]
[d29u17ylf1ylz9.cloudfront.net/bege-v2/images/icons/26.png]
[d29u17ylf1ylz9.cloudfront.net/bege-v2/images/icons/27.png]
[d29u17ylf1ylz9.cloudfront.net/bege-v2/images/banner/home2-sidebar.jpg]
[d29u17ylf1ylz9.cloudfront.net/bege-v2/images/banner/home2-banner1.jpg]
[d29u17ylf1ylz9.cloudfront.net/bege-v2/images/banner/home2-banner2-1.jpg]
[d29u17ylf1ylz9.cloudfront.net/bege-v2/images/banner/home2-banner2-2.jpg]
[d29u17ylf1ylz9.cloudfront.net/bege-v2/images/banner/home2-banner2-3.jpg]
[d29u17ylf1ylz9.cloudfront.net/bege-v2/index-2.html]
[d29u17ylf1ylz9.cloudfront.net/bege-v2/images/slider/home3-slider1.jpg]
[d29u17ylf1ylz9.cloudfront.net/bege-v2/images/slider/home3-slider2.jpg]
[d29u17ylf1ylz9.cloudfront.net/bege-v2/images/banner/home3-banner1-1.jpg]
[d29u17ylf1ylz9.cloudfront.net/bege-v2/index-3.html]
[d29u17ylf1ylz9.cloudfront.net/bege-v2/images/slider/home4-slider1.jpg]
[d29u17ylf1ylz9.cloudfront.net/bege-v2/images/slider/home4-slider2.jpg]
[d29u17ylf1ylz9.cloudfront.net/bege-v2/images/banner/home4-banner1-1.jpg]
[d29u17ylf1ylz9.cloudfront.net/bege-v2/images/banner/home4-banner1-2.jpg]
[d29u17ylf1ylz9.cloudfront.net/bege-v2/images/banner/home4-banner1-3.jpg]
[d29u17ylf1ylz9.cloudfront.net/bege-v2/images/banner/home4-banner1-4.jpg]
[d29u17ylf1ylz9.cloudfront.net/bege-v2/images/banner/home4-banner2.jpg]
[d29u17ylf1ylz9.cloudfront.net/bege-v2/index-4.html]
[d29u17ylf1ylz9.cloudfront.net/bege-v2/images/blog/blog1.jpg]
[d29u17ylf1ylz9.cloudfront.net/bege-v2/images/blog/blog2.jpg]
[d29u17ylf1ylz9.cloudfront.net/bege-v2/images/blog/blog3.jpg]
[d29u17ylf1ylz9.cloudfront.net/bege-v2/images/blog/blog4.jpg]
[d29u17ylf1ylz9.cloudfront.net/bege-v2/images/blog/blog5.jpg]
[d29u17ylf1ylz9.cloudfront.net/bege-v2/blog.html]
[d29u17ylf1ylz9.cloudfront.net/bege-v2/images/banner/about-us-img1.jpg]
[d29u17ylf1ylz9.cloudfront.net/bege-v2/images/icon-img/about-us-icon1.png]
[d29u17ylf1ylz9.cloudfront.net/bege-v2/images/icon-img/about-us-icon2.png]
[d29u17ylf1ylz9.cloudfront.net/bege-v2/images/icon-img/about-us-icon3.png]
[d29u17ylf1ylz9.cloudfront.net/bege-v2/images/icon-img/about-us-icon4.png]
[d29u17ylf1ylz9.cloudfront.net/bege-v2/images/banner/about-us-img2.jpg]
[d29u17ylf1ylz9.cloudfront.net/bege-v2/about-us.html]
[d29u17ylf1ylz9.cloudfront.net/bege-v2/images/service/service1-banner1.jpg]
[d29u17ylf1ylz9.cloudfront.net/bege-v2/images/service/service1-banner2.jpg]
[d29u17ylf1ylz9.cloudfront.net/bege-v2/images/service/service1-banner3.jpg]
[d29u17ylf1ylz9.cloudfront.net/bege-v2/images/service/4.jpg]
[d29u17ylf1ylz9.cloudfront.net/bege-v2/service.html]
[d29u17ylf1ylz9.cloudfront.net/bege-v2/images/portfolio/p1.jpg]
[d29u17ylf1ylz9.cloudfront.net/bege-v2/portfolio-details.html]
[d29u17ylf1ylz9.cloudfront.net/bege-v2/images/portfolio/p3.jpg]
[d29u17ylf1ylz9.cloudfront.net/bege-v2/images/portfolio/p6.jpg]
[d29u17ylf1ylz9.cloudfront.net/bege-v2/images/portfolio/p8.jpg]
[d29u17ylf1ylz9.cloudfront.net/bege-v2/images/portfolio/p2.jpg]
[d29u17ylf1ylz9.cloudfront.net/bege-v2/images/portfolio/p4.jpg]
[d29u17ylf1ylz9.cloudfront.net/bege-v2/images/portfolio/p5.jpg]
[d29u17ylf1ylz9.cloudfront.net/bege-v2/images/portfolio/p7.jpg]
[d29u17ylf1ylz9.cloudfront.net/bege-v2/portfolio.html]
[d29u17ylf1ylz9.cloudfront.net/bege-v2/faq.html]
[d29u17ylf1ylz9.cloudfront.net/bege-v2/404.html]
[d29u17ylf1ylz9.cloudfront.net/bege-v2/blog-no-sidebar.html]
[d29u17ylf1ylz9.cloudfront.net/bege-v2/images/blog/related1.jpg]
[d29u17ylf1ylz9.cloudfront.net/bege-v2/images/blog/related2.jpg]
[d29u17ylf1ylz9.cloudfront.net/bege-v2/images/blog/related3.jpg]
[d29u17ylf1ylz9.cloudfront.net/bege-v2/images/blog/road-avatar.jpg]
[d29u17ylf1ylz9.cloudfront.net/bege-v2/images/blog/avatar.jpg]
[d29u17ylf1ylz9.cloudfront.net/bege-v2/single-blog.html]
[d29u17ylf1ylz9.cloudfront.net/bege-v2/single-blog-gallery.html]
[d29u17ylf1ylz9.cloudfront.net/bege-v2/single-blog-audio.html]
[d29u17ylf1ylz9.cloudfront.net/bege-v2/single-blog-video.html]
[d29u17ylf1ylz9.cloudfront.net/bege-v2/shop-list.html]
[d29u17ylf1ylz9.cloudfront.net/bege-v2/shop-right.html]
[d29u17ylf1ylz9.cloudfront.net/bege-v2/single-product.html]
[d29u17ylf1ylz9.cloudfront.net/bege-v2/service-2.html]
[d29u17ylf1ylz9.cloudfront.net/bege-v3/css/bootstrap.min.css]
[d29u17ylf1ylz9.cloudfront.net/bege-v3/fonts/fontawesome-webfont3e6e.eot]
[d29u17ylf1ylz9.cloudfront.net/bege-v3/fonts/fontawesome-webfontd41d.eot]
[d29u17ylf1ylz9.cloudfront.net/bege-v3/fonts/fontawesome-webfont3e6e.woff2]
[d29u17ylf1ylz9.cloudfront.net/bege-v3/fonts/fontawesome-webfont3e6e.woff]
[d29u17ylf1ylz9.cloudfront.net/bege-v3/fonts/fontawesome-webfont3e6e.ttf]
[d29u17ylf1ylz9.cloudfront.net/bege-v3/fonts/fontawesome-webfont3e6e.svg]
[d29u17ylf1ylz9.cloudfront.net/bege-v3/css/font-awesome.min.css]
[d29u17ylf1ylz9.cloudfront.net/bege-v3/fonts/ionicons28b5.eot]
[d29u17ylf1ylz9.cloudfront.net/bege-v3/fonts/ionicons28b5.ttf]
[d29u17ylf1ylz9.cloudfront.net/bege-v3/fonts/ionicons28b5.woff]
[d29u17ylf1ylz9.cloudfront.net/bege-v3/fonts/ionicons28b5.svg]
[d29u17ylf1ylz9.cloudfront.net/bege-v3/css/ionicons.min.css]
[d29u17ylf1ylz9.cloudfront.net/bege-v3/css/css-plugins/nice-select.css]
[d29u17ylf1ylz9.cloudfront.net/bege-v3/css/css-plugins/owl.carousel.min.css]
[d29u17ylf1ylz9.cloudfront.net/bege-v3/css/css-plugins/animate.min.css]
[d29u17ylf1ylz9.cloudfront.net/bege-v3/css/css-plugins/meanmenu.min.css]
[d29u17ylf1ylz9.cloudfront.net/bege-v3/css/css-plugins/jquery-ui.css]
[d29u17ylf1ylz9.cloudfront.net/bege-v3/css/css-plugins/slick.css]
[d29u17ylf1ylz9.cloudfront.net/bege-v3/css/css-plugins/slick-theme.css]
[d29u17ylf1ylz9.cloudfront.net/bege-v3/css/css-plugins/magnific-popup.css]
[d29u17ylf1ylz9.cloudfront.net/bege-v3/css/css-plugins-call.css]
[d29u17ylf1ylz9.cloudfront.net/bege-v3/css/css-plugins/nivo-slider.css]
[d29u17ylf1ylz9.cloudfront.net/bege-v3/css/bundle.css]
[d29u17ylf1ylz9.cloudfront.net/bege-v3/images/bg/service-bg4.jpg]
[d29u17ylf1ylz9.cloudfront.net/bege-v3/images/bg/service-bg3.jpg]
[d29u17ylf1ylz9.cloudfront.net/bege-v3/images/bg/bg-1.jpg]
[d29u17ylf1ylz9.cloudfront.net/bege-v3/images/bg/bg-2.jpg]
[d29u17ylf1ylz9.cloudfront.net/bege-v3/css/main.css]
[d29u17ylf1ylz9.cloudfront.net/bege-v3/css/responsive.css]
[d29u17ylf1ylz9.cloudfront.net/bege-v3/css/colors.css]
[d29u17ylf1ylz9.cloudfront.net/bege-v3/wishlist.html]
[d29u17ylf1ylz9.cloudfront.net/bege-v3/images/service/service1-banner1.jpg]
[d29u17ylf1ylz9.cloudfront.net/bege-v3/images/service/service1-banner2.jpg]
[d29u17ylf1ylz9.cloudfront.net/bege-v3/images/service/service1-banner3.jpg]
[d29u17ylf1ylz9.cloudfront.net/bege-v3/images/service/4.jpg]
[d29u17ylf1ylz9.cloudfront.net/bege-v3/service.html]
[d29u17ylf1ylz9.cloudfront.net/bege-v3/images/portfolio/p1.jpg]
[d29u17ylf1ylz9.cloudfront.net/bege-v3/portfolio-details.html]
[d29u17ylf1ylz9.cloudfront.net/bege-v3/images/portfolio/p3.jpg]
[d29u17ylf1ylz9.cloudfront.net/bege-v3/images/portfolio/p6.jpg]
[d29u17ylf1ylz9.cloudfront.net/bege-v3/images/portfolio/p8.jpg]
[d29u17ylf1ylz9.cloudfront.net/bege-v3/images/portfolio/p2.jpg]
[d29u17ylf1ylz9.cloudfront.net/bege-v3/images/portfolio/p4.jpg]
[d29u17ylf1ylz9.cloudfront.net/bege-v3/images/portfolio/p5.jpg]
[d29u17ylf1ylz9.cloudfront.net/bege-v3/images/portfolio/p7.jpg]
[d29u17ylf1ylz9.cloudfront.net/bege-v3/portfolio.html]
[d29u17ylf1ylz9.cloudfront.net/bege-v3/faq.html]
[d29u17ylf1ylz9.cloudfront.net/bege-v3/single-blog-gallery.html]
[d29u17ylf1ylz9.cloudfront.net/bege-v3/single-blog-audio.html]
[d29u17ylf1ylz9.cloudfront.net/bege-v3/single-blog-video.html]
[d29u17ylf1ylz9.cloudfront.net/bege-v3/service-2.html]
[d29u17ylf1ylz9.cloudfront.net/bege-v3/register.html]
[d29u17ylf1ylz9.cloudfront.net/bege-v3/forgot-password.html]
[d29u17ylf1ylz9.cloudfront.net/bege-v2/css/css-plugins/nice-select.css]
[d29u17ylf1ylz9.cloudfront.net/bege-v2/css/css-plugins/owl.carousel.min.css]
[d29u17ylf1ylz9.cloudfront.net/bege-v2/css/css-plugins/animate.min.css]
[d29u17ylf1ylz9.cloudfront.net/bege-v2/css/css-plugins/meanmenu.min.css]
[d29u17ylf1ylz9.cloudfront.net/bege-v2/css/css-plugins/jquery-ui.css]
[d29u17ylf1ylz9.cloudfront.net/bege-v2/css/css-plugins/easyzoom.css]
[d29u17ylf1ylz9.cloudfront.net/bege-v2/css/css-plugins/slick.css]
[d29u17ylf1ylz9.cloudfront.net/bege-v2/css/css-plugins/ajax-loader.gif]
[d29u17ylf1ylz9.cloudfront.net/bege-v2/css/css-plugins/fonts/slick.eot]
[d29u17ylf1ylz9.cloudfront.net/bege-v2/css/css-plugins/fonts/slickd41d.eot]
[d29u17ylf1ylz9.cloudfront.net/bege-v2/css/css-plugins/fonts/slick.woff]
[d29u17ylf1ylz9.cloudfront.net/bege-v2/css/css-plugins/fonts/slick.ttf]
[d29u17ylf1ylz9.cloudfront.net/bege-v2/css/css-plugins/fonts/slick.svg]
[d29u17ylf1ylz9.cloudfront.net/bege-v2/css/css-plugins/slick-theme.css]
[d29u17ylf1ylz9.cloudfront.net/bege-v2/css/css-plugins/magnific-popup.css]
[d29u17ylf1ylz9.cloudfront.net/bege-v2/css/css-plugins/nivo-slider.css]
[d29u17ylf1ylz9.cloudfront.net/bege-v2/images/bg/1.jpg]
[d29u17ylf1ylz9.cloudfront.net/bege-v2/images/bg/2.jpg]
[d29u17ylf1ylz9.cloudfront.net/bege-v2/images/bg/3.jpg]
[d29u17ylf1ylz9.cloudfront.net/bege-v2/images/bg/4.jpg]
[d29u17ylf1ylz9.cloudfront.net/bege-v2/images/bg/5.jpg]
[d29u17ylf1ylz9.cloudfront.net/bege-v2/images/bg/6.jpg]
[d29u17ylf1ylz9.cloudfront.net/bege-v2/images/bg/7.jpg]
[d29u17ylf1ylz9.cloudfront.net/bege-v2/images/bg/8.jpg]
[d29u17ylf1ylz9.cloudfront.net/bege-v2/images/bg/9.jpg]
[d29u17ylf1ylz9.cloudfront.net/bege-v2/images/bg/10.jpg]
[d29u17ylf1ylz9.cloudfront.net/bege-v2/images/pattern/pattern-bg.png]
[d29u17ylf1ylz9.cloudfront.net/bege-v2/register.html]
[d29u17ylf1ylz9.cloudfront.net/bege-v2/forgot-password.html]
[d29u17ylf1ylz9.cloudfront.net/bege-v2/portfolio-details.html]
[d29u17ylf1ylz9.cloudfront.net/bege-v3/css/css-plugins/nice-select.css]
[d29u17ylf1ylz9.cloudfront.net/bege-v3/css/css-plugins/owl.carousel.min.css]
[d29u17ylf1ylz9.cloudfront.net/bege-v3/css/css-plugins/animate.min.css]
[d29u17ylf1ylz9.cloudfront.net/bege-v3/css/css-plugins/meanmenu.min.css]
[d29u17ylf1ylz9.cloudfront.net/bege-v3/css/css-plugins/jquery-ui.css]
[d29u17ylf1ylz9.cloudfront.net/bege-v3/css/css-plugins/easyzoom.css]
[d29u17ylf1ylz9.cloudfront.net/bege-v3/css/css-plugins/slick.css]
[d29u17ylf1ylz9.cloudfront.net/bege-v3/css/css-plugins/ajax-loader.gif]
[d29u17ylf1ylz9.cloudfront.net/bege-v3/css/css-plugins/fonts/slick.eot]
[d29u17ylf1ylz9.cloudfront.net/bege-v3/css/css-plugins/fonts/slickd41d.eot]
[d29u17ylf1ylz9.cloudfront.net/bege-v3/css/css-plugins/fonts/slick.woff]
[d29u17ylf1ylz9.cloudfront.net/bege-v3/css/css-plugins/fonts/slick.ttf]
[d29u17ylf1ylz9.cloudfront.net/bege-v3/css/css-plugins/fonts/slick.svg]
[d29u17ylf1ylz9.cloudfront.net/bege-v3/css/css-plugins/slick-theme.css]
[d29u17ylf1ylz9.cloudfront.net/bege-v3/css/css-plugins/magnific-popup.css]
[d29u17ylf1ylz9.cloudfront.net/bege-v3/css/css-plugins/nivo-slider.css]
[d29u17ylf1ylz9.cloudfront.net/bege-v3/images/bg/1.jpg]
[d29u17ylf1ylz9.cloudfront.net/bege-v3/images/bg/2.jpg]
[d29u17ylf1ylz9.cloudfront.net/bege-v3/images/bg/3.jpg]
[d29u17ylf1ylz9.cloudfront.net/bege-v3/images/bg/4.jpg]
[d29u17ylf1ylz9.cloudfront.net/bege-v3/images/bg/5.jpg]
[d29u17ylf1ylz9.cloudfront.net/bege-v3/images/bg/6.jpg]
[d29u17ylf1ylz9.cloudfront.net/bege-v3/images/bg/7.jpg]
[d29u17ylf1ylz9.cloudfront.net/bege-v3/images/bg/8.jpg]
[d29u17ylf1ylz9.cloudfront.net/bege-v3/images/bg/9.jpg]
[d29u17ylf1ylz9.cloudfront.net/bege-v3/images/bg/10.jpg]
[d29u17ylf1ylz9.cloudfront.net/bege-v3/images/pattern/pattern-bg.png]
[d29u17ylf1ylz9.cloudfront.net/bege-v3/portfolio-details.html]
[d29u17ylf1ylz9.cloudfront.net/bege-v2/css/css-plugins/owl.video.play.png]
[d29u17ylf1ylz9.cloudfront.net/bege-v2/css/css-plugins/images/ui-bg_inset-hard_100_fcfdfd_1x100.png]
[d29u17ylf1ylz9.cloudfront.net/bege-v2/css/css-plugins/images/ui-bg_gloss-wave_55_5c9ccc_500x100.png]
[d29u17ylf1ylz9.cloudfront.net/bege-v2/css/css-plugins/images/ui-bg_glass_85_dfeffc_1x400.png]
[d29u17ylf1ylz9.cloudfront.net/bege-v2/css/css-plugins/images/ui-bg_glass_75_d0e5f5_1x400.png]
[d29u17ylf1ylz9.cloudfront.net/bege-v2/css/css-plugins/images/ui-bg_inset-hard_100_f5f8f9_1x100.png]
[d29u17ylf1ylz9.cloudfront.net/bege-v2/css/css-plugins/images/ui-bg_glass_95_fef1ec_1x400.png]
[d29u17ylf1ylz9.cloudfront.net/bege-v2/css/css-plugins/images/ui-icons_469bdd_256x240.png]
[d29u17ylf1ylz9.cloudfront.net/bege-v2/css/css-plugins/images/ui-icons_d8e7f3_256x240.png]
[d29u17ylf1ylz9.cloudfront.net/bege-v2/css/css-plugins/images/ui-icons_6da8d5_256x240.png]
[d29u17ylf1ylz9.cloudfront.net/bege-v2/css/css-plugins/images/ui-icons_217bc0_256x240.png]
[d29u17ylf1ylz9.cloudfront.net/bege-v2/css/css-plugins/images/ui-icons_f9bd01_256x240.png]
[d29u17ylf1ylz9.cloudfront.net/bege-v2/css/css-plugins/images/ui-icons_2e83ff_256x240.png]
[d29u17ylf1ylz9.cloudfront.net/bege-v2/css/css-plugins/images/ui-icons_cd0a0a_256x240.png]
[d29u17ylf1ylz9.cloudfront.net/bege-v3/css/css-plugins/owl.video.play.png]
[d29u17ylf1ylz9.cloudfront.net/bege-v3/css/css-plugins/images/ui-bg_inset-hard_100_fcfdfd_1x100.png]
[d29u17ylf1ylz9.cloudfront.net/bege-v3/css/css-plugins/images/ui-bg_gloss-wave_55_5c9ccc_500x100.png]
[d29u17ylf1ylz9.cloudfront.net/bege-v3/css/css-plugins/images/ui-bg_glass_85_dfeffc_1x400.png]
[d29u17ylf1ylz9.cloudfront.net/bege-v3/css/css-plugins/images/ui-bg_glass_75_d0e5f5_1x400.png]
[d29u17ylf1ylz9.cloudfront.net/bege-v3/css/css-plugins/images/ui-bg_inset-hard_100_f5f8f9_1x100.png]
[d29u17ylf1ylz9.cloudfront.net/bege-v3/css/css-plugins/images/ui-bg_glass_95_fef1ec_1x400.png]
[d29u17ylf1ylz9.cloudfront.net/bege-v3/css/css-plugins/images/ui-icons_469bdd_256x240.png]
[d29u17ylf1ylz9.cloudfront.net/bege-v3/css/css-plugins/images/ui-icons_d8e7f3_256x240.png]
[d29u17ylf1ylz9.cloudfront.net/bege-v3/css/css-plugins/images/ui-icons_6da8d5_256x240.png]
[d29u17ylf1ylz9.cloudfront.net/bege-v3/css/css-plugins/images/ui-icons_217bc0_256x240.png]
[d29u17ylf1ylz9.cloudfront.net/bege-v3/css/css-plugins/images/ui-icons_f9bd01_256x240.png]
[d29u17ylf1ylz9.cloudfront.net/bege-v3/css/css-plugins/images/ui-icons_2e83ff_256x240.png]
[d29u17ylf1ylz9.cloudfront.net/bege-v3/css/css-plugins/images/ui-icons_cd0a0a_256x240.png]
